\BOOKMARK [0][-]{chapter.1}{\376\377\000I\000N\000T\000R\000O\000D\000U\000C\000C\000I\000\323\000N}{}% 1
\BOOKMARK [1][-]{section.1.1}{\376\377\000O\000B\000J\000E\000T\000I\000V\000O\000S}{chapter.1}% 2
\BOOKMARK [2][-]{subsection.1.1.1}{\376\377\000O\000b\000j\000e\000t\000i\000v\000o\000\040\000g\000e\000n\000e\000r\000a\000l}{section.1.1}% 3
\BOOKMARK [2][-]{subsection.1.1.2}{\376\377\000O\000b\000j\000e\000t\000i\000v\000o\000s\000\040\000e\000s\000p\000e\000c\000\355\000f\000i\000c\000o\000s}{section.1.1}% 4
\BOOKMARK [1][-]{section.1.2}{\376\377\000J\000U\000S\000T\000I\000F\000I\000C\000A\000C\000I\000\323\000N}{chapter.1}% 5
\BOOKMARK [0][-]{chapter.2}{\376\377\000M\000A\000R\000C\000O\000\040\000R\000E\000F\000E\000R\000E\000N\000C\000I\000A\000L}{}% 6
\BOOKMARK [1][-]{section.2.1}{\376\377\000D\000I\000S\000C\000A\000P\000A\000C\000I\000D\000A\000D\000\040\000M\000O\000T\000O\000R\000A\000\040\000S\000E\000V\000E\000R\000A\000\040\000Y\000\040\000C\000O\000M\000U\000N\000I\000C\000A\000C\000I\000\323\000N}{chapter.2}% 7
\BOOKMARK [1][-]{section.2.2}{\376\377\000E\000L\000E\000C\000T\000R\000O\000E\000N\000C\000E\000F\000A\000L\000O\000G\000R\000A\000F\000\315\000A}{chapter.2}% 8
\BOOKMARK [2][-]{subsection.2.2.1}{\376\377\000A\000d\000q\000u\000i\000s\000i\000c\000i\000\363\000n\000\040\000d\000e\000\040\000l\000a\000\040\000s\000e\000\361\000a\000l}{section.2.2}% 9
\BOOKMARK [2][-]{subsection.2.2.2}{\376\377\000S\000i\000s\000t\000e\000m\000a\000\040\000i\000n\000t\000e\000r\000n\000a\000c\000i\000o\000n\000a\000l\000\040\0001\0000\000-\0002\0000}{section.2.2}% 10
\BOOKMARK [2][-]{subsection.2.2.3}{\376\377\000R\000i\000t\000m\000o\000s\000\040\000c\000e\000r\000e\000b\000r\000a\000l\000e\000s}{section.2.2}% 11
\BOOKMARK [2][-]{subsection.2.2.4}{\376\377\000A\000r\000t\000e\000f\000a\000c\000t\000o\000s\000\040\000e\000n\000\040\000l\000a\000\040\000s\000e\000\361\000a\000l\000\040\000d\000e\000\040\000E\000E\000G}{section.2.2}% 12
\BOOKMARK [1][-]{section.2.3}{\376\377\000P\000O\000T\000E\000N\000C\000I\000A\000L\000E\000S\000\040\000R\000E\000L\000A\000C\000I\000O\000N\000A\000D\000O\000S\000\040\000C\000O\000N\000\040\000E\000V\000E\000N\000T\000O\000S\000\040\000Y\000\040\000C\000O\000M\000P\000O\000N\000E\000N\000T\000E\000\040\000P\0003\0000\0000}{chapter.2}% 13
\BOOKMARK [2][-]{subsection.2.3.1}{\376\377\000P\000o\000t\000e\000n\000c\000i\000a\000l\000e\000s\000\040\000r\000e\000l\000a\000c\000i\000o\000n\000a\000d\000o\000s\000\040\000c\000o\000n\000\040\000e\000v\000e\000n\000t\000o\000s}{section.2.3}% 14
\BOOKMARK [2][-]{subsection.2.3.2}{\376\377\000P\000r\000o\000m\000e\000d\000i\000a\000d\000o\000\040\000c\000o\000h\000e\000r\000e\000n\000t\000e}{section.2.3}% 15
\BOOKMARK [2][-]{subsection.2.3.3}{\376\377\000L\000a\000\040\000c\000o\000m\000p\000o\000n\000e\000n\000t\000e\000\040\000P\0003\0000\0000}{section.2.3}% 16
\BOOKMARK [2][-]{subsection.2.3.4}{\376\377\000P\000a\000r\000a\000d\000i\000g\000m\000a\000\040\000d\000e\000l\000\040\000e\000v\000e\000n\000t\000o\000\040\000r\000a\000r\000o}{section.2.3}% 17
\BOOKMARK [1][-]{section.2.4}{\376\377\000I\000N\000T\000E\000R\000F\000A\000C\000E\000S\000\040\000C\000E\000R\000E\000B\000R\000O\000-\000C\000O\000M\000P\000U\000T\000A\000D\000O\000R\000A}{chapter.2}% 18
\BOOKMARK [2][-]{subsection.2.4.1}{\376\377\000D\000e\000f\000i\000n\000i\000c\000i\000\363\000n\000\040\000y\000\040\000c\000o\000m\000p\000o\000n\000e\000n\000t\000e\000s}{section.2.4}% 19
\BOOKMARK [2][-]{subsection.2.4.2}{\376\377\000C\000l\000a\000s\000i\000f\000i\000c\000a\000c\000i\000\363\000n\000\040\000d\000e\000\040\000l\000a\000s\000\040\000B\000C\000I}{section.2.4}% 20
\BOOKMARK [2][-]{subsection.2.4.3}{\376\377\000P\000a\000r\000a\000d\000i\000g\000m\000a\000s\000\040\000d\000e\000\040\000c\000o\000n\000t\000r\000o\000l}{section.2.4}% 21
\BOOKMARK [1][-]{section.2.5}{\376\377\000E\000L\000\040\000P\000A\000R\000A\000D\000I\000G\000M\000A\000\040\000P\0003\0000\0000\000\040\000S\000P\000E\000L\000L\000E\000R}{chapter.2}% 22
\BOOKMARK [2][-]{subsection.2.5.1}{\376\377\000D\000e\000l\000e\000t\000r\000e\000a\000d\000o\000r\000\040\000d\000e\000\040\000F\000a\000r\000w\000e\000l\000l\000\040\000y\000\040\000D\000o\000n\000c\000h\000i\000n}{section.2.5}% 23
\BOOKMARK [2][-]{subsection.2.5.2}{\376\377\000P\000a\000r\000\341\000m\000e\000t\000r\000o\000s\000\040\000d\000e\000\040\000e\000s\000t\000i\000m\000u\000l\000a\000c\000i\000\363\000n}{section.2.5}% 24
\BOOKMARK [2][-]{subsection.2.5.3}{\376\377\000\311\000p\000o\000c\000a\000s\000\040\000d\000e\000\040\000E\000E\000G\000\040\000y\000\040\000d\000e\000c\000o\000d\000i\000f\000i\000c\000a\000c\000i\000\363\000n\000\040\000d\000e\000l\000\040\000c\000a\000r\000\341\000c\000t\000e\000r}{section.2.5}% 25
\BOOKMARK [2][-]{subsection.2.5.4}{\376\377\000V\000a\000r\000i\000a\000n\000t\000e\000s\000\040\000d\000e\000l\000\040\000p\000a\000r\000a\000d\000i\000g\000m\000a}{section.2.5}% 26
\BOOKMARK [2][-]{subsection.2.5.5}{\376\377\000B\000a\000s\000e\000s\000\040\000d\000e\000\040\000d\000a\000t\000o\000s\000\040\000p\000\372\000b\000l\000i\000c\000a\000s}{section.2.5}% 27
\BOOKMARK [1][-]{section.2.6}{\376\377\000P\000R\000O\000C\000E\000S\000A\000M\000I\000E\000N\000T\000O\000\040\000D\000I\000G\000I\000T\000A\000L\000\040\000D\000E\000\040\000S\000E\000\321\000A\000L\000E\000S\000\040\000B\000I\000O\000M\000\311\000D\000I\000C\000A\000S}{chapter.2}% 28
\BOOKMARK [2][-]{subsection.2.6.1}{\376\377\000M\000u\000e\000s\000t\000r\000e\000o\000\040\000y\000\040\000t\000e\000o\000r\000e\000m\000a\000\040\000d\000e\000\040\000N\000y\000q\000u\000i\000s\000t}{section.2.6}% 29
\BOOKMARK [2][-]{subsection.2.6.2}{\376\377\000T\000r\000a\000n\000s\000f\000o\000r\000m\000a\000d\000a\000\040\000d\000e\000\040\000F\000o\000u\000r\000i\000e\000r\000\040\000y\000\040\000d\000e\000n\000s\000i\000d\000a\000d\000\040\000e\000s\000p\000e\000c\000t\000r\000a\000l\000\040\000d\000e\000\040\000p\000o\000t\000e\000n\000c\000i\000a}{section.2.6}% 30
\BOOKMARK [2][-]{subsection.2.6.3}{\376\377\000C\000o\000n\000v\000o\000l\000u\000c\000i\000\363\000n\000\040\000y\000\040\000s\000i\000s\000t\000e\000m\000a\000s\000\040\000l\000i\000n\000e\000a\000l\000e\000s}{section.2.6}% 31
\BOOKMARK [2][-]{subsection.2.6.4}{\376\377\000F\000i\000l\000t\000r\000o\000s\000\040\000d\000i\000g\000i\000t\000a\000l\000e\000s}{section.2.6}% 32
\BOOKMARK [2][-]{subsection.2.6.5}{\376\377\000R\000e\000m\000u\000e\000s\000t\000r\000e\000o}{section.2.6}% 33
\BOOKMARK [2][-]{subsection.2.6.6}{\376\377\000R\000e\000f\000e\000r\000e\000n\000c\000i\000a\000\040\000y\000\040\000c\000o\000r\000r\000e\000c\000c\000i\000\363\000n\000\040\000d\000e\000\040\000l\000\355\000n\000e\000a\000\040\000b\000a\000s\000e}{section.2.6}% 34
\BOOKMARK [2][-]{subsection.2.6.7}{\376\377\000S\000e\000g\000m\000e\000n\000t\000a\000c\000i\000\363\000n\000\040\000e\000n\000\040\000\351\000p\000o\000c\000a\000s}{section.2.6}% 35
\BOOKMARK [2][-]{subsection.2.6.8}{\376\377\000N\000o\000r\000m\000a\000l\000i\000z\000a\000c\000i\000\363\000n}{section.2.6}% 36
\BOOKMARK [2][-]{subsection.2.6.9}{\376\377\000R\000e\000m\000o\000c\000i\000\363\000n\000\040\000d\000e\000\040\000a\000r\000t\000e\000f\000a\000c\000t\000o\000s}{section.2.6}% 37
\BOOKMARK [1][-]{section.2.7}{\376\377\000I\000N\000T\000E\000L\000I\000G\000E\000N\000C\000I\000A\000\040\000A\000R\000T\000I\000F\000I\000C\000I\000A\000L\000\040\000Y\000\040\000A\000P\000R\000E\000N\000D\000I\000Z\000A\000J\000E\000\040\000A\000U\000T\000O\000M\000\301\000T\000I\000C\000O}{chapter.2}% 38
\BOOKMARK [2][-]{subsection.2.7.1}{\376\377\000A\000p\000r\000e\000n\000d\000i\000z\000a\000j\000e\000\040\000a\000u\000t\000o\000m\000\341\000t\000i\000c\000o}{section.2.7}% 39
\BOOKMARK [2][-]{subsection.2.7.2}{\376\377\000C\000l\000a\000s\000i\000f\000i\000c\000a\000d\000o\000r\000e\000s\000\040\000c\000l\000\341\000s\000i\000c\000o\000s\000\040\000p\000a\000r\000a\000\040\000l\000a\000\040\000d\000e\000t\000e\000c\000c\000i\000\363\000n\000\040\000d\000e\000\040\000l\000a\000\040\000P\0003\0000\0000}{section.2.7}% 40
\BOOKMARK [2][-]{subsection.2.7.3}{\376\377\000S\000o\000b\000r\000e\000a\000j\000u\000s\000t\000e\000\040\000y\000\040\000g\000e\000n\000e\000r\000a\000l\000i\000z\000a\000c\000i\000\363\000n}{section.2.7}% 41
\BOOKMARK [2][-]{subsection.2.7.4}{\376\377\000E\000s\000q\000u\000e\000m\000a\000s\000\040\000d\000e\000\040\000v\000a\000l\000i\000d\000a\000c\000i\000\363\000n}{section.2.7}% 42
\BOOKMARK [1][-]{section.2.8}{\376\377\000R\000E\000D\000E\000S\000\040\000N\000E\000U\000R\000O\000N\000A\000L\000E\000S\000\040\000A\000R\000T\000I\000F\000I\000C\000I\000A\000L\000E\000S\000\040\000Y\000\040\000A\000P\000R\000E\000N\000D\000I\000Z\000A\000J\000E\000\040\000P\000R\000O\000F\000U\000N\000D\000O}{chapter.2}% 43
\BOOKMARK [2][-]{subsection.2.8.1}{\376\377\000L\000a\000\040\000n\000e\000u\000r\000o\000n\000a\000\040\000a\000r\000t\000i\000f\000i\000c\000i\000a\000l}{section.2.8}% 44
\BOOKMARK [2][-]{subsection.2.8.2}{\376\377\000F\000u\000n\000c\000i\000o\000n\000e\000s\000\040\000d\000e\000\040\000a\000c\000t\000i\000v\000a\000c\000i\000\363\000n}{section.2.8}% 45
\BOOKMARK [2][-]{subsection.2.8.3}{\376\377\000F\000u\000n\000c\000i\000\363\000n\000\040\000d\000e\000\040\000p\000\351\000r\000d\000i\000d\000a}{section.2.8}% 46
\BOOKMARK [2][-]{subsection.2.8.4}{\376\377\000D\000e\000s\000c\000e\000n\000s\000o\000\040\000d\000e\000\040\000g\000r\000a\000d\000i\000e\000n\000t\000e\000\040\000y\000\040\000r\000e\000t\000r\000o\000p\000r\000o\000p\000a\000g\000a\000c\000i\000\363\000n}{section.2.8}% 47
\BOOKMARK [2][-]{subsection.2.8.5}{\376\377\000R\000e\000g\000u\000l\000a\000r\000i\000z\000a\000c\000i\000\363\000n}{section.2.8}% 48
\BOOKMARK [1][-]{section.2.9}{\376\377\000R\000E\000D\000E\000S\000\040\000C\000O\000N\000V\000O\000L\000U\000C\000I\000O\000N\000A\000L\000E\000S\000\040\000Y\000\040\000R\000E\000C\000U\000R\000R\000E\000N\000T\000E\000S\000\040\000P\000A\000R\000A\000\040\000L\000A\000\040\000D\000E\000T\000E\000C\000C\000I\000\323\000N\000\040\000D\000E\000\040\000L\000A\000\040\000P\0003\0000\0000}{chapter.2}% 49
\BOOKMARK [2][-]{subsection.2.9.1}{\376\377\000R\000e\000d\000e\000s\000\040\000n\000e\000u\000r\000o\000n\000a\000l\000e\000s\000\040\000c\000o\000n\000v\000o\000l\000u\000c\000i\000o\000n\000a\000l\000e\000s}{section.2.9}% 50
\BOOKMARK [2][-]{subsection.2.9.2}{\376\377\000C\000o\000n\000v\000o\000l\000u\000c\000i\000o\000n\000e\000s\000\040\000s\000e\000p\000a\000r\000a\000b\000l\000e\000s\000\040\000e\000n\000\040\000p\000r\000o\000f\000u\000n\000d\000i\000d\000a\000d}{section.2.9}% 51
\BOOKMARK [2][-]{subsection.2.9.3}{\376\377\000E\000E\000G\000N\000e\000t}{section.2.9}% 52
\BOOKMARK [2][-]{subsection.2.9.4}{\376\377\000A\000r\000q\000u\000i\000t\000e\000c\000t\000u\000r\000a\000s\000\040\000c\000o\000n\000v\000o\000l\000u\000c\000i\000o\000n\000a\000l\000e\000s\000\040\000p\000a\000r\000a\000\040\000l\000a\000\040\000d\000e\000t\000e\000c\000c\000i\000\363\000n\000\040\000d\000e\000\040\000l\000a\000\040\000P\0003\0000\0000}{section.2.9}% 53
\BOOKMARK [2][-]{subsection.2.9.5}{\376\377\000R\000e\000d\000e\000s\000\040\000n\000e\000u\000r\000o\000n\000a\000l\000e\000s\000\040\000r\000e\000c\000u\000r\000r\000e\000n\000t\000e\000s}{section.2.9}% 54
\BOOKMARK [1][-]{section.2.10}{\376\377\000M\000\311\000T\000R\000I\000C\000A\000S\000\040\000D\000E\000\040\000E\000V\000A\000L\000U\000A\000C\000I\000\323\000N}{chapter.2}% 55
\BOOKMARK [2][-]{subsection.2.10.1}{\376\377\000M\000a\000t\000r\000i\000z\000\040\000d\000e\000\040\000c\000o\000n\000f\000u\000s\000i\000\363\000n}{section.2.10}% 56
\BOOKMARK [2][-]{subsection.2.10.2}{\376\377\000M\000\351\000t\000r\000i\000c\000a\000s\000\040\000d\000e\000\040\000c\000l\000a\000s\000i\000f\000i\000c\000a\000c\000i\000\363\000n}{section.2.10}% 57
\BOOKMARK [2][-]{subsection.2.10.3}{\376\377\000C\000u\000r\000v\000a\000\040\000R\000O\000C\000\040\000y\000\040\000\341\000r\000e\000a\000\040\000b\000a\000j\000o\000\040\000l\000a\000\040\000c\000u\000r\000v\000a}{section.2.10}% 58
\BOOKMARK [2][-]{subsection.2.10.4}{\376\377\000M\000\351\000t\000r\000i\000c\000a\000s\000\040\000a\000\040\000n\000i\000v\000e\000l\000\040\000d\000e\000\040\000s\000i\000s\000t\000e\000m\000a}{section.2.10}% 59
\BOOKMARK [1][-]{section.2.11}{\376\377\000R\000E\000D\000U\000C\000C\000I\000\323\000N\000\040\000D\000E\000\040\000C\000A\000N\000A\000L\000E\000S\000\040\000Y\000\040\000R\000E\000P\000E\000T\000I\000C\000I\000O\000N\000E\000S}{chapter.2}% 60
\BOOKMARK [2][-]{subsection.2.11.1}{\376\377\000S\000e\000l\000e\000c\000c\000i\000\363\000n\000\040\000d\000e\000\040\000c\000a\000n\000a\000l\000e\000s}{section.2.11}% 61
\BOOKMARK [2][-]{subsection.2.11.2}{\376\377\000R\000e\000d\000u\000c\000c\000i\000\363\000n\000\040\000d\000e\000\040\000r\000e\000p\000e\000t\000i\000c\000i\000o\000n\000e\000s}{section.2.11}% 62
\BOOKMARK [1][-]{section.2.12}{\376\377\000M\000O\000D\000E\000L\000A\000D\000O\000\040\000D\000E\000L\000\040\000L\000E\000N\000G\000U\000A\000J\000E\000\040\000Y\000\040\000P\000R\000E\000D\000I\000C\000C\000I\000\323\000N\000\040\000D\000E\000\040\000P\000A\000L\000A\000B\000R\000A\000S}{chapter.2}% 63
\BOOKMARK [2][-]{subsection.2.12.1}{\376\377\000P\000r\000e\000d\000i\000c\000c\000i\000\363\000n\000\040\000d\000e\000\040\000p\000a\000l\000a\000b\000r\000a\000s\000\040\000e\000n\000\040\000l\000a\000\040\000c\000o\000m\000u\000n\000i\000c\000a\000c\000i\000\363\000n\000\040\000a\000s\000i\000s\000t\000i\000d\000a}{section.2.12}% 64
\BOOKMARK [2][-]{subsection.2.12.2}{\376\377\000M\000o\000d\000e\000l\000o\000s\000\040\000d\000e\000\040\000l\000e\000n\000g\000u\000a\000j\000e\000\040\000p\000r\000o\000b\000a\000b\000i\000l\000\355\000s\000t\000i\000c\000o\000s}{section.2.12}% 65
\BOOKMARK [2][-]{subsection.2.12.3}{\376\377\000M\000o\000d\000e\000l\000o\000s\000\040\000d\000e\000\040\000l\000e\000n\000g\000u\000a\000j\000e\000\040\000n\000e\000u\000r\000o\000n\000a\000l\000e\000s}{section.2.12}% 66
\BOOKMARK [2][-]{subsection.2.12.4}{\376\377\000I\000n\000t\000e\000g\000r\000a\000c\000i\000\363\000n\000\040\000d\000e\000l\000\040\000l\000e\000n\000g\000u\000a\000j\000e\000\040\000e\000n\000\040\000e\000l\000\040\000P\0003\0000\0000\000\040\000S\000p\000e\000l\000l\000e\000r}{section.2.12}% 67
\BOOKMARK [1][-]{section.2.13}{\376\377\000E\000S\000T\000A\000D\000O\000\040\000D\000E\000L\000\040\000A\000R\000T\000E}{chapter.2}% 68
\BOOKMARK [2][-]{subsection.2.13.1}{\376\377\000S\000i\000s\000t\000e\000m\000a\000s\000\040\000P\0003\0000\0000\000\040\000S\000p\000e\000l\000l\000e\000r\000\040\000y\000\040\000c\000o\000m\000p\000e\000t\000e\000n\000c\000i\000a\000s\000\040\000B\000C\000I}{section.2.13}% 69
\BOOKMARK [2][-]{subsection.2.13.2}{\376\377\000S\000i\000s\000t\000e\000m\000a\000s\000\040\000d\000e\000\040\000c\000o\000m\000u\000n\000i\000c\000a\000c\000i\000\363\000n\000\040\000c\000o\000n\000\040\000u\000s\000u\000a\000r\000i\000o\000s\000\040\000c\000o\000n\000\040\000d\000i\000s\000c\000a\000p\000a\000c\000i\000d\000a\000d}{section.2.13}% 70
\BOOKMARK [2][-]{subsection.2.13.3}{\376\377\000A\000p\000r\000e\000n\000d\000i\000z\000a\000j\000e\000\040\000p\000r\000o\000f\000u\000n\000d\000o\000\040\000p\000a\000r\000a\000\040\000l\000a\000\040\000d\000e\000t\000e\000c\000c\000i\000\363\000n\000\040\000d\000e\000\040\000l\000a\000\040\000P\0003\0000\0000}{section.2.13}% 71
\BOOKMARK [2][-]{subsection.2.13.4}{\376\377\000R\000e\000s\000u\000m\000e\000n\000\040\000c\000o\000m\000p\000a\000r\000a\000t\000i\000v\000o}{section.2.13}% 72
\BOOKMARK [0][-]{chapter.3}{\376\377\000P\000R\000O\000P\000U\000E\000S\000T\000A\000\040\000A\000\040\000D\000E\000S\000A\000R\000R\000O\000L\000L\000A\000R}{}% 73
\BOOKMARK [1][-]{section.3.1}{\376\377\000A\000R\000Q\000U\000I\000T\000E\000C\000T\000U\000R\000A\000\040\000D\000E\000L\000\040\000S\000I\000S\000T\000E\000M\000A}{chapter.3}% 74
\BOOKMARK [1][-]{section.3.2}{\376\377\000F\000L\000U\000J\000O\000\040\000D\000E\000\040\000O\000P\000E\000R\000A\000C\000I\000\323\000N}{chapter.3}% 75
\BOOKMARK [1][-]{section.3.3}{\376\377\000M\000E\000T\000O\000D\000O\000L\000O\000G\000\315\000A}{chapter.3}% 76
\BOOKMARK [2][-]{subsection.3.3.1}{\376\377\000M\000e\000t\000o\000d\000o\000l\000o\000g\000\355\000a\000\040\000d\000e\000\040\000d\000e\000s\000a\000r\000r\000o\000l\000l\000o\000\040\000d\000e\000l\000\040\000s\000i\000s\000t\000e\000m\000a}{section.3.3}% 77
\BOOKMARK [2][-]{subsection.3.3.2}{\376\377\000M\000e\000t\000o\000d\000o\000l\000o\000g\000\355\000a\000\040\000p\000a\000r\000a\000\040\000e\000l\000\040\000d\000e\000s\000a\000r\000r\000o\000l\000l\000o\000\040\000d\000e\000l\000\040\000m\000o\000d\000e\000l\000o\000\040\000d\000e\000\040\000a\000p\000r\000e\000n\000d\000i\000z\000a\000j\000e\000\040\000p\000r\000o\000f\000u\000n\000d\000o}{section.3.3}% 78
\BOOKMARK [0][-]{chapter.4}{\376\377\000A\000N\000\301\000L\000I\000S\000I\000S\000\040\000Y\000\040\000D\000I\000S\000E\000\321\000O}{}% 79
\BOOKMARK [1][-]{section.4.1}{\376\377\000R\000E\000Q\000U\000E\000R\000I\000M\000I\000E\000N\000T\000O\000S}{chapter.4}% 80
\BOOKMARK [2][-]{subsection.4.1.1}{\376\377\000R\000e\000q\000u\000e\000r\000i\000m\000i\000e\000n\000t\000o\000s\000\040\000f\000u\000n\000c\000i\000o\000n\000a\000l\000e\000s}{section.4.1}% 81
\BOOKMARK [2][-]{subsection.4.1.2}{\376\377\000R\000e\000q\000u\000e\000r\000i\000m\000i\000e\000n\000t\000o\000s\000\040\000n\000o\000\040\000f\000u\000n\000c\000i\000o\000n\000a\000l\000e\000s}{section.4.1}% 82
\BOOKMARK [1][-]{section.4.2}{\376\377\000C\000A\000S\000O\000S\000\040\000D\000E\000\040\000U\000S\000O}{chapter.4}% 83
\BOOKMARK [0][-]{chapter.5}{\376\377\000S\000E\000L\000E\000C\000C\000I\000\323\000N\000\040\000D\000E\000\040\000M\000O\000D\000E\000L\000O\000S}{}% 84
\BOOKMARK [1][-]{section.5.1}{\376\377\000S\000E\000L\000E\000C\000C\000I\000\323\000N\000\040\000D\000E\000\040\000L\000E\000N\000G\000U\000A\000J\000E\000S\000\040\000D\000E\000\040\000P\000R\000O\000G\000R\000A\000M\000A\000C\000I\000\323\000N}{chapter.5}% 85
\BOOKMARK [1][-]{section.5.2}{\376\377\000E\000V\000A\000L\000U\000A\000C\000I\000\323\000N\000\040\000D\000E\000\040\000A\000R\000Q\000U\000I\000T\000E\000C\000T\000U\000R\000A\000S\000\040\000D\000E\000\040\000A\000P\000R\000E\000N\000D\000I\000Z\000A\000J\000E\000\040\000P\000R\000O\000F\000U\000N\000D\000O\000\040\000P\000A\000R\000A\000\040\000D\000E\000T\000E\000C\000C\000I\000\323\000N\000\040\000D\000E\000\040\000P\0003\0000\0000}{chapter.5}% 86
\BOOKMARK [1][-]{section.5.3}{\376\377\000S\000E\000L\000E\000C\000C\000I\000\323\000N\000\040\000D\000E\000\040\000T\000E\000C\000N\000O\000L\000O\000G\000\315\000A\000S}{chapter.5}% 87
\BOOKMARK [0][-]{chapter.6}{\376\377\000A\000L\000C\000A\000N\000C\000E\000\040\000D\000E\000L\000\040\000S\000I\000S\000T\000E\000M\000A}{}% 88
\BOOKMARK [0][-]{chapter.7}{\376\377\000E\000S\000T\000U\000D\000I\000O\000\040\000D\000E\000\040\000F\000A\000C\000T\000I\000B\000I\000L\000I\000D\000A\000D}{}% 89
\BOOKMARK [1][-]{section.7.1}{\376\377\000R\000E\000C\000U\000R\000S\000O\000S\000\040\000H\000U\000M\000A\000N\000O\000S}{chapter.7}% 90
\BOOKMARK [1][-]{section.7.2}{\376\377\000R\000E\000C\000U\000R\000S\000O\000S\000\040\000D\000E\000\040\000H\000A\000R\000D\000W\000A\000R\000E}{chapter.7}% 91
\BOOKMARK [1][-]{section.7.3}{\376\377\000I\000N\000F\000R\000A\000E\000S\000T\000R\000U\000C\000T\000U\000R\000A}{chapter.7}% 92
